rows 25
cols 47
players 2
city 0 1
city 1 0

m ...............................................
m ...............................................
m ...............................................
m ...............................................
m ...............................................
m ...............................................
m ...............................................
m ...............................................
m ...............................................
m ...............................................
m ...............................................
m .a..I...............C....................I...a.
m ...............................................
m ...............................................
m ....................b..........................
m ...............................................
m ...............................................
m ...............................................
m ...............................................
m ...............................................
m ...............................................
m ...............................................
m ...............................................
m ...............................................
m ...............................................